VACS 2650 Cross Assembler V1.24j/w32                                           Page 1

0000              ; //=======================================================
0000              ; //> HEYBUG Firmware for the Signetics 2650
0000              ; //>
0000              ; //> PIPBUG Source code written by Signetics taken from
0000              ; //> Signetics 2650 microprocessor application memo SS50
0000              ; //
0000              ; //> Uses some code transcription of the original 
0000              ; //> SS50 listing from Jim's repo
0000              ; //> https://github.com/jim11662418/Signetics-2650-SBC
0000              ; //>
0000              ; //> and code from;
0000              ; //>
0000              ; //> HYBUG
0000              ; //> : written by Brian L Young in 1979
0000              ; //> 
0000              ; //> Published article by Amateur Radio Action
0000              ; //> Volume 2 No. 13, Australia. 1979"
0000              ; //>
0000              ; //> Hybug BIOS as incorporated into Winarcadia 33.3
0000              ; //> by James Jacobs from
0000              ; //> http://amigan.1emu.net/releases/
0000              ; //=======================================================
0000              ;
0000              ; PIPBUG has been modified as follows:
0000              ;  - the serial i/o delays modified by AdamT117
0000              ;    (kayto@github)to get the timing working 
0000              ;    for Teensy 3.6 Retroshield
0000              ; 
0000              ; compile with VACS
0000              ;
0000              ; memory map:
0000              ;   0000-03FF   PIPBUG in ROM
0000              ;   0400-043F   PIPBUG scratch pad RAM
0000              ;   
0000              
0000              ;2650 specific equates
0000 = 00000000   Z           equ  0
0000 = 00000001   P           equ  1
0000 = 00000000   EQ          equ  0
0000 = 00000001   GT          equ  1
0000 = 00000002   LT          equ  2
0000 = 00000003   UN          equ  3            
0000              
0000 = 00000080   sense       equ $80                   ;sense bit in program status, upper
0000 = 00000040   flag        equ $40                   ;flag bit in program status, upper
0000 = 00000020   ii          equ $20                   ;interrupt inhibit bit in program status, upper
0000 = 00000010   rs          equ $10                   ;register select bit in program status, lower
0000 = 00000008   wc          equ $08                   ;with/without carry bit in program status,lower
0000              
0000 = 00000020   spac        equ $20                   ;ASCII space
0000 = 0000007F   dele        equ $7F                   ;ASCII delete
0000 = 0000000D   CR          equ $0D                   ;ASCII carriage return
0000 = 0000000A   LF          equ $0A                   ;ASCII line feed
0000 = 0000003A   star        equ ':'
0000 = 00000001   bmax        equ 1                     ;maximum number of breakpoints
0000 = 00000014   blen        equ 20                    ;size of input buffer
0000              
0000              
0000 = 00003C43   X3C43           equ     $3C43
0000              
0000              
0000                          org $0000
0000                          
0000 073F         init:       lodi,R3 63
0002 20                       eorz    R0
0003 CF4400       aini:       stra,R0 com,R3,-
0006 5B7B                     brnr,R3 aini              ;clear memory $0400-$04FF
0008 0477                     lodi,R0 $077              ;opcode for 'ppsl'
000A CC0409                   stra,R0 xgot
000D 041B                     lodi,R0 $1B               ;opcode for 'bctr,un'
000F CC040B                   stra,R0 xgot+2
0012 0480                     lodi,R0 $80
0014 CC040C                   stra,R0 xgot+3
0017 1B09                     bctr,un mbug              ;do an absolute branch to 'start' function in page 3
0019              
0019 0160         vec:        db hi(bk01),lo(bk01)
001B 016E                     db hi(bk02),lo(bk02)
001D              
001D              ;====================================================================
001D              ;command handler
001D              ;====================================================================
001D 043F         ebug:       lodi,R0 '?'
001F 3F02B4                   bsta,UN cout
0022 75FF         mbug:       cpsl    $FF
0024 3F008A                   bsta,UN crlf
0027 043E                     lodi,R0 '>'
0029 3F02B4                   bsta,UN cout
002C 3B2D                     bstr,UN line
002E 20                       eorz    R0
002F CC0427                   stra,R0 bptr
0032 0C0413                   loda,R0 buff
0035 E441                     comi,R0 'A'         ; Alter Memory
0037 1C00AB                   bcta,EQ alte
003A E442                     comi,R0 'B'
003C 1C01E5                   bcta,EQ bkpt        ; set breakpoints
003F E443                     comi,R0 'C'
0041 1C01CA                   bcta,EQ clr
0044 E444                     comi,R0 'D'         ; dump to tape
0046 1C0310                   bcta,EQ dump            
0049 E447                     comi,R0 'G'         ; goto code
004B 1C013A                   bcta,EQ goto
004E E44C                     comi,R0 'L'         ;load code from tape
0050 1C03B5                   bcta,EQ load
0053 E453                     comi,R0 'S'         ;set and alter registers
0055 1C00F4                   bcta,EQ sreg
0058 1F3000                   bcta,UN mbug1       ;out of space so fit extended menu somewhere else               
005B                          
005B              ;        ; PIPBUG users expect the 'line' function to be located at $005B
005B              ;        if $ > $005B
005B              ;            WARNING 'Address MUST be $005A'
005B              ;        else                    
005B              ;            ds $005B-$,0               
005B              ;        endif
005B              
005B              ;====================================================================
005B              ;input a cmd line into buffer
005B              ;code is 1=CR 2=LF 3=MSG+CR 4=MSG+LF
005B              ;====================================================================
005B 07FF         line:       lodi,R3 $FF
005D CF0427                   stra,R3 bptr
0060 E714         llin:       comi,R3 blen
0062 1819                     bctr,EQ elin
0064 3F0284                   bsta,UN chin
0067 E47F                     comi,R0 dele
0069 980E                     bcfr,EQ alin
006B E7FF                     comi,R3 $FF
006D 1871                     bctr,EQ llin
006F 0F6413                   loda,R0 buff,R3
0072 3F02B4                   bsta,UN cout
0075 A701                     subi,R3 1
0077 1B67                     bctr,UN llin
0079                          
0079 E40D         alin:       comi,R0 CR
007B 9818                     bcfr,EQ blin
007D 0501         elin:       lodi,R1 1
007F 03           clin:       lodz    R3
0080 1A02                     bctr,LT dlin
0082 8502                     addi,R1 2
0084 CD042B       dlin:       stra,R1 code
0087 CF0429                   stra,R3 cnt
008A 040D         crlf:       lodi,R0 CR
008C 3F02B4                   bsta,UN cout
008F 040A                     lodi,R0 LF
0091 3F02B4                   bsta,UN cout
0094 17                       retc,UN
0095                          
0095 0502         blin:       lodi,R1 2
0097 E40A                     comi,R0 LF
0099 1864                     bctr,EQ clin
009B CF2413                   stra,R0 buff,R3,+
009E 3F02B4                   bsta,UN cout
00A1 1F0060                   bcta,UN llin
00A4              ;====================================================================
00A4              ;store two bytes in R1 and R2 into temp and temp+1
00A4              ;====================================================================
00A4 CD040D       strt:       stra,R1 temp
00A7 CE040E                   stra,R2 temp+1
00AA 17                       retc,UN
00AB              ;====================================================================
00AB              ; display and alter memory
00AB              ;====================================================================            
00AB 3F02DB       alte:       bsta,UN gnum
00AE 3B74         lalt:       bstr,UN strt
00B0 3F0269                   bsta,UN bout
00B3 0D040E                   loda,R1 temp+1
00B6 3F0269                   bsta,UN bout
00B9 3F035B                   bsta,UN form
00BC 0D840D                   loda,R1 *temp
00BF 3F0269                   bsta,UN bout
00C2 3F035B                   bsta,UN form
00C5 3F005B                   bsta,UN line
00C8 0C042B                   loda,R0 code
00CB E402                     comi,R0 2
00CD 1E0022                   bcta,LT mbug
00D0 1811                     bctr,EQ dalt
00D2 CC0411       calt:       stra,R0 temr
00D5 3F02DB                   bsta,UN gnum
00D8 CE840D                   stra,R2 *temp
00DB 0C0411                   loda,R0 temr
00DE E404                     comi,R0 4
00E0 9C0022                   bcfa,EQ mbug
00E3 0601         dalt:       lodi,R2 1
00E5 8E040E                   adda,R2 temp+1
00E8 0500                     lodi,R1 0
00EA 7708                     ppsl    wc
00EC 8D040D                   adda,R1 temp
00EF 7508                     cpsl    wc
00F1 1F00AE                   bcta,UN lalt
00F4              ;====================================================================
00F4              ; selectively display and alter register
00F4              ;====================================================================
00F4 3F02DB       sreg:       bsta,UN gnum
00F7 E608         lsre:       comi,R2 8
00F9 1D001D                   bcta,GT ebug
00FC CE0411                   stra,R2 temr
00FF 0E6400                   loda,R0 com,R2
0102 C1                       strz    R1
0103 3F0269                   bsta,UN bout
0106 3F035B                   bsta,UN form
0109 3F005B                   bsta,UN line
010C 0C042B                   loda,R0 code
010F E402                     comi,R0 2
0111 1E0022                   bcta,LT mbug
0114 181C                     bctr,EQ csre
0116 CC040F       asre:       stra,R0 temq
0119 3F02DB                   bsta,UN gnum
011C 02                       lodz    R2
011D 0E0411                   loda,R2 temr
0120 CE6400                   stra,R0 com,R2
0123 E608                     comi,R2 8
0125 9803                     bcfr,EQ bsre
0127 CC040A                   stra,R0 xgot+1
012A 0C040F       bsre:       loda,R0 temq
012D E403                     comi,R0 3
012F 1C0022                   bcta,EQ mbug
0132 0E0411       csre:       loda,R2 temr
0135 8601                     addi,R2 1
0137 1F00F7                   bcta,UN lsre
013A              ;====================================================================
013A              ; goto address
013A              ;====================================================================
013A 3F02DB       goto:       bsta,UN gnum                ;get the address
013D 3F00A4                   bsta,UN strt                ;save the address in temp and temp+1   
0140 0C0407                   loda,R0 com+7
0143 92                       lpsu                        ;restore program status, upper
0144 0D0401                   loda,R1 com+1               ;restore R1 in register bank 0
0147 0E0402                   loda,R2 com+2               ;restore R2 in register bank 0
014A 0F0403                   loda,R3 com+3               ;restore R3 in register bank 0
014D 7710                     ppsl    rs
014F 0D0404                   loda,R1 com+4               ;restore R1 in register bank 1
0152 0E0405                   loda,R2 com+5               ;restore R2 in register bank 1
0155 0F0406                   loda,R3 com+6               ;restore R3 in register bank 1
0158 0C0400                   loda,R0 com                 ;restore R0
015B 75FF                     cpsl    $FF                 ;clear program status, lower
015D 1F0409                   bcta,UN xgot                ;branch to the address in 'xgot' which branches to the address in temp and temp+1
0160              ;====================================================================
0160              ; breakpoint runtime code
0160              ;====================================================================
0160 CC0400       bk01:       stra,R0 com
0163 13                       spsl
0164 CC0408                   stra,R0 com+8
0167 CC040A                   stra,R0 xgot+1
016A 0400                     lodi,R0 0
016C 1B0C                     bctr,UN bken
016E CC0400       bk02:       stra,R0 com
0171 13                       spsl
0172 CC0408                   stra,R0 com+8
0175 CC040A                   stra,R0 xgot+1
0178 0401                     lodi,R0 1
017A CC0411       bken:       stra,R0 temr
017D 12                       spsu
017E CC0407                   stra,R0 com+7
0181 7710                     ppsl    rs
0183 CD0404                   stra,R1 com+4
0186 CE0405                   stra,R2 com+5
0189 CF0406                   stra,R3 com+6
018C 7510                     cpsl    rs
018E CD0401                   stra,R1 com+1
0191 CE0402                   stra,R2 com+2
0194 CF0403                   stra,R3 com+3
0197 0E0411                   loda,R2 temr
019A 3B0F                     bstr,UN clbk
019C 0D040D                   loda,R1 temp
019F 3F0269                   bsta,UN bout
01A2 0D040E                   loda,R1 temp+1
01A5 3F0269                   bsta,UN bout
01A8 1F0022                   bcta,UN mbug
01AB              ;====================================================================
01AB              ; clear a breakpoint
01AB              ;====================================================================
01AB 20           clbk:       eorz    R0
01AC CE642C                   stra,R0 mark,R2
01AF 0E6432                   loda,R0 hadr,R2
01B2 CC040D                   stra,R0 temp
01B5 0E6434                   loda,R0 ladr,R2
01B8 CC040E                   stra,R0 temp+1
01BB 0E642E                   loda,R0 hdat,R2
01BE CC840D                   stra,R0 *temp
01C1 0E6430                   loda,R0 ldat,R2
01C4 0701                     lodi,R3 1
01C6 CFE40D                   stra,R0 *temp,R3
01C9 17                       retc,UN
01CA              ;break point mark indicates if set
01CA              ;hadr+ladr is breakpoint address hdat+ldat is two byte
01CA 3B0B         clr:        bstr,UN nok
01CC 0E642C                   loda,R0 mark,R2
01CF 1C001D                   bcta,EQ ebug
01D2 3B57                     bstr,UN clbk
01D4 1F0022                   bcta,UN mbug        
01D7 3F02DB       nok:        bsta,UN gnum
01DA A601                     subi,R2 1
01DC 1E0250                   bcta,LT abrt
01DF E601                     comi,R2 bmax
01E1 1D0250                   bcta,GT abrt
01E4 17                       retc,UN
01E5 3B70         bkpt:       bstr,UN nok
01E7 0E642C                   loda,R0 mark,R2
01EA BC01AB                   bsfa,EQ clbk
01ED CE0411                   stra,R2 temr
01F0 3F02DB                   bsta,UN gnum
01F3 3F00A4                   bsta,UN strt
01F6 0F0411                   loda,R3 temr
01F9 02                       lodz    R2
01FA CF6434                   stra,R0 ladr,R3
01FD 01                       lodz    R1
01FE CF6432                   stra,R0 hadr,R3
0201 0C840D                   loda,R0 *temp
0204 CF642E                   stra,R0 hdat,R3
0207 059B                     lodi,R1 $9B
0209 CD840D                   stra,R1 *temp
020C 0601                     lodi,R2 1
020E 0EE40D                   loda,R0 *temp,R2
0211 CF6430                   stra,R0 ldat,R3
0214 0F6222                   loda,R0 disp,R3
0217 CEE40D                   stra,R0 *temp,R2
021A 04FF                     lodi,R0 $FF
021C CF642C                   stra,R0 mark,R3
021F 1F0022                   bcta,UN mbug
0222 99           disp:       db  vec+$80
0223 9B                       db  vec+$80+2
0224              
0224              ;        ; PIPBUG users expect the 'bin' function to be located at $0224
0224              ;        if $ > $0224
0224              ;            WARNING 'Address MUST be $0224'
0224              ;        else
0224              ;            ds $0224-$,0                
0224              ;        endif         
0224              ;====================================================================
0224              ; input two hex characters and form a byte in R1
0224              ;====================================================================
0224 3F0284       bin:        bsta,UN chin
0227 3B1D                     bstr,UN lkup
0229 D3                       rrl,R3
022A D3                       rrl,R3
022B D3                       rrl,R3
022C D3                       rrl,R3
022D CF0412                   stra,R3 tems
0230 3F0284                   bsta,UN chin
0233 3B11                     bstr,UN lkup
0235 6F0412                   iora,R3 tems
0238 03                       lodz    R3
0239 C1                       strz    R1
023A 3B01                     bstr,UN cbcc       
023C 17                       retc,UN
023D              ;====================================================================           
023D              ; calculate the BCC, EOR and then rotate left
023D              ;====================================================================
023D 01           cbcc:       lodz    R1         
023E 2C042A                   eora,R0 bcc         
0241 D0                       rrl,R0             
0242 CC042A                   stra,R0 bcc        
0245 17                       retc,UN            
0246              ;        ; PIPBUG users expect the 'lkup' function to be located at $0246
0246              ;        if $ > $0246
0246              ;            WARNING 'Address MUST be $0246'
0246              ;        else
0246              ;            ds $0246-$,0                
0246              ;        endif          
0246              ;lookup ASCII char in hex value table
0246 0710         lkup:       lodi,R3 16
0248 EF4259       alku        coma,R0 ansi,R3,-
024B 14                       retc,EQ
024C E701                     comi,R3 1
024E 9A78                     bcfr,LT alku
0250              ;abort exit from any level of subroutine
0250              ;use ras ptr since possible bkpt prog using it
0250 0C0407       abrt:       loda,R0 com+7
0253 6440                     iori,R0 $40
0255 12                       spsu
0256 1F001D                   bcta,UN ebug
0259                          
0259 303132333435 ansi:       db  "0123456789ABCDEF"
0269              
0269                      ; PIPBUG users expect the 'bout' function to be located at $0269
0269                          ds $0269-$,0                
0269              ;====================================================================
0269              ; output byte in R1 as 2 hex characters
0269              ;====================================================================
0269 CD0412       bout:       stra,R1 tems
026C                          ;bstr,un cbcc
026C 51                       rrr,R1
026D 51                       rrr,R1
026E 51                       rrr,R1
026F 51                       rrr,R1
0270 450F                     andi,R1 $0F
0272 0D6259                   loda,R0 ansi,R1
0275 3F02B4                   bsta,UN cout
0278 0D0412                   loda,R1 tems
027B 450F                     andi,R1 $0F
027D 0D6259                   loda,R0 ansi,R1
0280 3F02B4                   bsta,UN cout
0283 17                       retc,UN
0284                          
0284              ;        ; PIPBUG users expect the 'chin' function to be located at $0286
0284              ;        if $ > $0286
0284              ;            WARNING 'Address MUST be $0286'
0284              ;        else
0284              ;            ds $0286-$,0                
0284              ;        endif
0284              ;====================================================================
0284              ; pipbug serial input function
0284              ;====================================================================
0284 7710         chin:       ppsl    rs                 ;select register bank 1
0286 0480                     lodi,R0 $80
0288 B0                       wrtc,R0
0289 0500                     lodi,R1 0                  ;initialize R1
028B 0608                     lodi,R2 8                  ;load R2 with the number of bits to receive
028D 12           achi:       spsu                       ;store program status, upper containing the sense input to R0
028E 1A74                     bctr,LT chin               ;branch back if the sense input is "1" (wait for the start bit)
0290 20                       eorz    R0               
0291 B0                       wrtc,R0
0292 3B19                     bstr,UN dly                ;delay 1/2 bit time
0294 3B10         bchi:       bstr,un     dlay
0296 12                       spsu
0297 4480                     andi,r0 $80
0299 51                       rrr,r1
029A 61                       iorz        r1
029B C1                       strz        r1
029C FA76                     bdrr,r2     bchi
029E 3B06                     bstr,un     dlay
02A0 457F                     andi,r1     $7F
02A2 01                       lodz        r1
02A3 7518                     cpsl        rs+wc
02A5 17                       retc,un
02A6              ;********************************************************************
02A6              ; adjusted delays for Teensy3.6 Retroshield
02A6              ;********************************************************************
02A6 20           dlay:       eorz    r0
02A7 0420                     lodi,r0 $20    
02A9 F87E                     bdrr,r0 $
02AB C0                       nop
02AC C0                       nop  
02AD 0405         dly:        lodi,R0 $05
02AF F87E                     bdrr,R0 $
02B1 17                       retc,UN
02B2              ;********************************************************************
02B2              ; original PIPBUG delays - 
02B2              ;********************************************************************
02B2              ; dlay:
02B2                              ; eorz  r0
02B2                              ; nop
02B2                              ; nop
02B2                              ; nop
02B2                              ; nop
02B2              ; dly:
02B2                              ; bdrr,r0       dly
02B2                              ; lodi,r0       $60
02B2              ; L02B1:
02B2                              ; bdrr,r0       L02B1
02B2                              ; retc,un
02B2              ;********************************************************************
02B2              ;        ; PIPBUG users expect the 'cout' function to be located at $02B4
02B2 0000                     ds $02B4-$,0                
02B4              ;====================================================================
02B4              ; pipbug serial output function
02B4              ;====================================================================
02B4 7710         cout:       ppsl    rs                  ;select register bank 1
02B6 7640                     ppsu    flag                ;set FLAG output to "1" (send MARK)
02B8 C2                       strz    R2                  ;save the character (now in R0) in R2
02B9 0508                     lodi,R1 8                   ;load R1 with the number of bits to send
02BB 3B69                     bstr,UN dlay                ;timing adjustments
02BD 3B67                     bstr,UN dlay
02BF 7440                     cpsu    flag                ;clear the FLAG output (send start bit)           
02C1 3B63         acdu:       bstr,UN dlay                ;delay one bit time
02C3 52                       rrr,R2                      ;rotate the next bit of R2 into bit 7  
02C4 1A04                     bctr,LT one                 ;branch if bit 7 was "1"
02C6 7440                     cpsu    flag                ;else, send "0" (SPACE)
02C8 1B02                     bctr,UN zero
02CA 7640         one:        ppsu    flag                ;send "1" (MARK)
02CC F973         zero:       bdrr,R1 acdu                ;loop until all 8 bits are sent
02CE 3B56                     bstr,UN dlay
02D0 7640                     ppsu    flag                ;preset the FLAG output (send stop bit)         
02D2 7510                     cpsl    rs                  ;select register bank 0
02D4 17                       retc,UN    
02D5              ;get a number from the buffer into R1-R2
02D5 0C042B       dnum:       loda,R0 code
02D8 1807                     bctr,EQ lnum
02DA 17                       retc,UN
02DB 20           gnum:       eorz    R0
02DC C1                       strz    R1
02DD C2                       strz    R2
02DE CC042B                   stra,R0 code
02E1 0F0427       lnum:       loda,R3 bptr
02E4 EF0429                   coma,R3 cnt
02E7 14                       retc,EQ
02E8 0F2413                   loda,R0 buff,R3,+
02EB CF0427                   stra,R3 bptr
02EE E420                     comi,R0 spac
02F0 1863                     bctr,EQ dnum
02F2 3F0246       bnum:       bsta,UN lkup
02F5 040F         cnum:       lodi,R0 $0F
02F7 D2                       rrl,R2
02F8 D2                       rrl,R2
02F9 D2                       rrl,R2
02FA D2                       rrl,R2
02FB 42                       andz    R2
02FC D1                       rrl,R1
02FD D1                       rrl,R1
02FE D1                       rrl,R1
02FF D1                       rrl,R1
0300 45F0                     andi,R1 $F0
0302 46F0                     andi,R2 $F0
0304 61                       iorz    R1
0305 C1                       strz    R1
0306 03                       lodz    R3
0307 62                       iorz    R2
0308 C2                       strz    R2
0309 0401                     lodi,R0 1
030B CC042B                   stra,R0 code
030E 1B51                     bctr,UN lnum
0310 3B49         dump:       bstr,un     gnum
0312 3F00A4                   bsta,un     strt
0315 3B44                     bstr,un     gnum
0317 8601                     addi,r2     $01
0319 7708                     ppsl        wc
031B 8500                     addi,r1     $00
031D 7508                     cpsl        wc
031F CD040F                   stra,r1     temq
0322 CE0410                   stra,r2     temq+1
0325 3B38         fdum:       bstr,un     gap
0327 04FF                     lodi,r0     $FF
0329 CC0429                   stra,r0     cnt
032C 3F008A                   bsta,un     crlf
032F 043A                     lodi,r0     star
0331 3F02B4                   bsta,un     cout
0334 20                       eorz        r0
0335 CC042A                   stra,r0     bcc
0338 0D040F                   loda,r1     temq
033B 0E0410                   loda,r2     temq+1
033E AE040E                   suba,r2     temp+1
0341 7708                     ppsl        wc
0343 AD040D                   suba,r1     temp
0346 7508                     cpsl        wc
0348 1E001D                   bcta,LT     ebug
034B 191C                     bctr,gt     adum
034D 5A1C                     brnr,r2     bdum
034F 0704                     lodi,r3     $04
0351 3F0269       cdum:       bsta,un     bout
0354 FB7B                     bdrr,r3     cdum
0356 3B07                     bstr,un     gap
0358 1F0022                   bcta,un     mbug
035B 0703         form:       lodi,r3     $03
035D 1B02                     bctr,un     agap
035F 0732         gap:        lodi,r3     $32
0361 0420         agap:       lodi,r0     spac
0363 3F02B4                   bsta,un     cout
0366 FB79                     bdrr,r3     agap
0368 17                       retc,un
0369 06FF         adum:       lodi,r2     $FF
036B CE0428       bdum:       stra,r2     mcnt
036E 0D040D                   loda,r1     temp
0371 3F0269                   bsta,un     bout
0374 0D040E                   loda,r1     temp+1
0377 3F0269                   bsta,un     bout
037A 0D0428                   loda,r1     mcnt
037D 3F0269                   bsta,un     bout
0380 0D042A                   loda,r1     bcc
0383 3F0269                   bsta,un     bout
0386 0F0429       ddum:       loda,r3     cnt
0389 0FA40D                   loda,r0     *temp,r3,+
038C EF0428                   coma,r3     mcnt
038F 1809                     bctr,eq     edum
0391 CF0429                   stra,r3     cnt
0394 C1                       strz        r1
0395 3F0269                   bsta,un     bout
0398 1B6C                     bctr,un     ddum
039A 0D042A       edum:       loda,r1     bcc
039D 3F0269                   bsta,un     bout
03A0 0E040E                   loda,r2     temp+1
03A3 8E0428                   adda,r2     mcnt
03A6 0500                     lodi,r1     $00
03A8 7708                     ppsl        wc
03AA 8D040D                   adda,r1     temp
03AD 7508                     cpsl        wc
03AF 3F00A4                   bsta,un     strt
03B2 1F0325                   bcta,un     fdum
03B5 3F0284       load:      bsta,un      chin
03B8 E43A                     comi,r0     star
03BA 9879                     bcfr,eq     load
03BC 20                       eorz        r0
03BD CC042A                   stra,r0     bcc
03C0 3F0224                   bsta,un     bin
03C3 CD040D                   stra,r1     temp
03C6 3F0224                   bsta,un     bin
03C9 CD040E                   stra,r1     temp+1
03CC 3F0224                   bsta,un     bin
03CF 5903                     brnr,r1     aloa
03D1 1F840D                   bcta,un     *temp                   ;INFO: indirect jump
03D4 CD0428       aloa:       stra,r1     mcnt
03D7 3F0224                   bsta,un     bin
03DA 0C042A                   loda,r0     bcc
03DD 9C001D                   bcfa,eq     ebug
03E0 C3                       strz        r3
03E1 CF0429       bloa:       stra,r3     cnt
03E4 3F0224                   bsta,un     bin
03E7 0F0429                   loda,r3     cnt
03EA EF0428                   coma,r3     mcnt
03ED 1806                     bctr,eq     cloa
03EF 01                       lodz        r1
03F0 CFE40D                   stra,r0     *temp,r3
03F3 DB6C                     birr,r3     bloa
03F5              cloa:
03F5 0C042A                   loda,r0     bcc
03F8 9C001D                   bcfa,eq     ebug
03FB 1F03B5                   bcta,un     load           
03FE 0000                     db  $00,$00
 
0400              ;==================================================================== 
0400              ; 2650 Line Assembler - Improved
0400              ; by A. M. KOLLOSCHE Higginbotham Avenus. Armidals NSW 2350 
0400              ; ELECTRONICS Austraila, .February, 1980
0400              ;===================================================================                    
0400              ;temp remove
0400              ;            ds  $1590-$,0               ;fill empty space with zeros
0400              ;            org $1590
0400              ; lass:
0400                                      ; bsta,un       crlf                           ;15C0 : 3F 00 8A         "?  "   [3]             
0400                                      ; bcta,un       L1600                           ;15C3 : 1F 16 00                "   "   [3]                           

0400              ; ;modification for improved error handling
0400                          ; ds  $159E-$,0               ;fill empty space with zeros
0400                          ; org $159E
0400              
0400                          ; db $00,$00
0400              
0400              ; L15A0:            ;load and store subr
0400                          ; loda,r1 $040D
0400                          ; loda,r2 $040e
0400                          ; strr,r1 $159E
0400                          ; strr,r2 $159F
0400                          ; retc,un
0400              ; L15AB:            ;load addr subr
0400                          ; lodr,r1 $159E
0400                          ; lodr,r2 $159F
0400                          ; retc,un
0400              ; L15B0:            ;new error handling routine
0400                          ; cpsl $FF
0400                          ; cpsu $0F
0400                          ; lodi,r1 $08
0400                          ; loda,r1 *$15c3
0400                          ; zbsr *$0020
0400                          ; bdrr,r1 $15b6
0400                          ; zbsr *$0025
0400                          ; bstr,un $15ab
0400                          ; bcta,un $160c
0400              ; L15C4:            ;error message
0400                          ; db $52,$4f,$52
0400                          ; db $52,$45,$20
0400                          ; db $20,$3F                        
0400              
0400               ;====================================================================           
0400 000000000000            ds  $15C0-$,0               ;fill empty space with zeros
15C0                         org $15C0
15C0 3F008A       lass:       bsta,UN crlf
15C3 1F1600                  bcta,UN L1600
15C6 000000000000            ds  $15CC-$,0               ;fill empty space with zeros
15CC                         org $15CC
15CC              
15CC F40C1802             db $F4,$0C,$18,$02
15D0 451F6D042A1F     db  $45,$1F,$6D,$04,$2A,$1F,$17,$5B,$F4,$04,$98,$0F,$3F,$1A,$95,$CE
15E0 840D3B0FEF04     db  $84,$0D,$3B,$0F,$EF,$04,$29,$9A,$25,$1B,$71,$3B,$F0,$1B,$1D,$02
15F0 691ACD0D040D     db  $69,$1A,$CD,$0D,$04,$0D,$0E,$04,$0E,$DA,$02,$D9,$00,$1F,$00,$A4
1600              L1600: ;$1600
1600                      ;db $20,$07,$14,$CF,$5A,$40,$5B,$7B,$3F,$1A,$55,$C0
1600 200714CF5A40     db  $20,$07,$14,$CF,$5A,$40,$5B,$7B,$3F,$1A,$55,$C0
160C                      
160C                      
160C              ;==================================================================== 
160C              ; 2650 Line Assembler - Improved
160C              ; by A. M. KOLLOSCHE Higginbotham Avenus. Armidals NSW 2350 
160C              ; ELECTRONICS Austraila, .February, 1980
160C              ;=================================================================== 
160C              ; *MODIFIED START SEQUENCE
160C                  ; BSTR,UN *$15FE      ; 160C 3BF0           ;         
160C                  ; BSTA,UN $15A0       ; 160E 3F15A0         ;  ;Go to new subr
160C                  ; BSTR,UN *$15EF      ; 1611 3BDC                   ; 
160C                  ; LODZ    r2          ; 1613 02                     ; 
160C                  ; STRZ    r1          ; 1614 C1                     ; 
160C                  ; BSTR,UN *$15EF      ; 1615 3BD8                   ; 
160C                  ; LODI,R0 $2E         ; 1617 042E                   ; 
160C                  ; BSTA,UN $02B4       ; 1619 3F02B4         ; 
160C                  ; BSTR,UN *$15F1      ; 161C 3BD3                   ; 
160C              ;=================================================================== 
160C              
160C              
160C              ;       0   1   2   3   4   5   6   7   8   9  A   B   C    D   E   F
160C              ;$160c                                              
160C 3BF00D04        db $3B,$F0,$0D,$04      ;ok comment ou
1610 0D3BDC0D040E         db $0D,$3B,$DC,$0D,$04,$0E,$3B,$D7,$04,$2E,$BB,$A0,$3B,$D3                      ;ok comment out for improved line assembler 
161E              ;$161e                                                      
161E 0C1A                                                                     db $0C,$1A  ;ok
1620              ;$1620
1620                      ;db $02,$E4,$2A,$18,$69,$E4,$40,$98,$3C,$0F,$3A,$02,$A4,$30,$1E,$30     ; modified
1620              ;$162F
1620 02E42A1869E4     db $02,$E4,$2A,$18,$69,$E4,$40,$98,$3C,$0F,$3A,$02,$A4,$30,$1E,$02  ;ok comment out for improved line assembler
1630 50C3E70919F9     db  $50,$C3,$E7,$09,$19,$F9,$D3,$06,$01,$0F,$7A,$40,$CC,$04,$0F,$C1
1640 0F7A41CC0410     db  $0F,$7A,$41,$CC,$04,$10,$61,$18,$1A,$0C,$84,$0F,$CF,$7A,$40,$0E
1650 E40FCF7A410C     db  $E4,$0F,$CF,$7A,$41,$0C,$04,$0D,$CC,$84,$0F,$0C,$04,$0E,$CE,$E4
1660 0F1B56070220     db  $0F,$1B,$56,$07,$02,$20,$CC,$04,$2A,$3B,$BE,$3F,$17,$7A,$CC,$04
1670 11609A2B440F     db  $11,$60,$9A,$2B,$44,$0F,$1C,$00,$22,$F4,$02,$98,$9C,$3B,$AA,$0F
1680 7A02C20F3A02     db  $7A,$02,$C2,$0F,$3A,$02,$EF,$04,$29,$9E,$16,$0E,$E2,$18,$FB,$CC
1690 840D023F15F3     db  $84,$0D,$02,$3F,$15,$F3,$C2,$1B,$6A,$15,$D8,$C0,$C0,$1A,$95,$CE
16A0 840DE4109A21     db  $84,$0D,$E4,$10,$9A,$21,$87,$01,$3F,$17,$6B,$0F,$7A,$02,$E4,$40
16B0              
16B0                  ;$16B0
16B0                      ;db $99,$0A,$3F,$17,$7A,$84,$10,$18,$05,$1F,$2B  ;modified
16B0              ;$16BA                                          
16B0 990A3F177A84     db $99,$0A,$3F,$17,$7A,$84,$10,$18,$05,$1F,$02  ;ok comment out for improved line assembler                                
16BB              ;$16BB                                          
16BB 503BDF4603                                                   db $50,$3B,$DF,$46,$03  ;ok
16C0 0C840D62CC84     db  $0C,$84,$0D,$62,$CC,$84,$0D,$3B,$CB,$0C,$04,$11,$F4,$01,$1C,$16
16D0 0EF4021C1722     db  $0E,$F4,$02,$1C,$17,$22,$3B,$D1,$0F,$7A,$02,$E4,$30,$9A,$1B,$87
16E0 0105FFED37CF     db  $01,$05,$FF,$ED,$37,$CF,$18,$06,$E5,$04,$1A,$77,$1B,$CC,$D1,$D1
16F0 D1D1D16D042A     db  $D1,$D1,$D1,$6D,$04,$2A,$C9,$FC,$1B,$5C,$E4,$40,$98,$24,$0F,$3A    
1700                  ;$1700
1700                      ;db $02,$A4,$30,$1E,$05  ;modified
1700              ;$1704
1700 02A4301E02       db $02,$A4,$30,$1E,$02  ;ok comment out for improved line assembler
1705              ;$1705                  
1705 50C3E70919F9                         db $50,$C3,$E7,$09,$19,$F9,$D3,$0F,$7A,$40,$C1  ;ok
1710 0F7A41C20C04     db  $0F,$7A,$41,$C2,$0C,$04,$0D,$CF,$7A,$40,$0C,$04,$0E,$CF,$7A,$41
1720 1BB73F1A950C     db  $1B,$B7,$3F,$1A,$95,$0C,$04,$11,$F4,$08,$18,$AD,$F4,$04,$98,$24
1730 7709A601A500     db  $77,$09,$A6,$01,$A5,$00,$77,$01,$AE,$04,$0E,$AD,$04,$0D,$75,$08  
1740              ;$1740
1740                      ;db $18,$0D,$85,$01,$9C,$46  ;modified
1740              ;$1745                    
1740 180D85019C02         db $18,$0D,$85,$01,$9C,$02  ;ok comment out for improved line assembler
1746 50F6C098FA46                             db $50,$F6,$C0,$98,$FA,$46,$7F,$1B,$05,$04  ;ok         
1750 C04298F16E04     db  $C0,$42,$98,$F1,$6E,$04,$2A,$1B,$0A,$15,$CC,$CD,$84,$0D,$02,$3F
1760 15F3C2CE840D     db  $15,$F3,$C2,$CE,$84,$0D,$3B,$F8,$1F,$16,$0E,$04,$20,$FB,$00,$EF
1770 3A02187BEF04     db  $3A,$02,$18,$7B,$EF,$04,$29,$9A,$CC,$17,$06,$FC,$A7,$01,$0F,$3A
1780 02EBF29A0DE4     db  $02,$EB,$F2,$9A,$0D,$E4,$30,$1A,$09,$CE,$79,$40,$DA,$70,$87,$01
1790 1B070420CE79     db  $1B,$07,$04,$20,$CE,$79,$40,$DA,$7B,$CF,$04,$28,$75,$01,$77,$08
17A0 051706D4CD04     db  $05,$17,$06,$D4,$CD,$04,$0F,$CE,$04,$10,$07,$FF,$0F,$A4,$0F,$1C
17B0              
17B0              ;$17B0
17B0 02                   db $02;ok comment out for improved line assembler
17B1                  ;db $B1  ;modified
17B1 50EF7A3C1806         db $50,$EF,$7A,$3C,$18,$06,$86,$06,$85,$00,$1B,$67,$E7,$03,$1A  ;ok
17C0 6B0FA40FC20F     db  $6B,$0F,$A4,$0F,$C2,$0F,$A4,$0F,$0F,$04,$28,$75,$08,$17,$00,$2C
17D0 2B2D232A5230     db  $2B,$2D,$23,$2A,$52,$30,$20,$20,$00,$F0,$52,$31,$20,$20,$01,$F0
17E0 5232202002F0     db  $52,$32,$20,$20,$02,$F0,$52,$33,$20,$20,$03,$F0,$50,$20,$20,$20
17F0 01F05A202020     db  $01,$F0,$5A,$20,$20,$20,$00,$F0,$4E,$20,$20,$20,$02,$F0,$4C,$54
1800 202002F04551     db  $20,$20,$02,$F0,$45,$51,$20,$20,$00,$F0,$47,$54,$20,$20,$01,$F0
1810 554E202003F0     db  $55,$4E,$20,$20,$03,$F0,$45,$4E,$44,$20,$00,$80,$4F,$52,$47,$20
1820 008141534349     db  $00,$81,$41,$53,$43,$49,$00,$82,$4C,$4F,$44,$5A,$00,$01,$4C,$4F
1830 444904024C4F     db  $44,$49,$04,$02,$4C,$4F,$44,$52,$08,$04,$4C,$4F,$44,$41,$03,$08
1840 5354525AC001     db  $53,$54,$52,$5A,$C0,$01,$53,$54,$52,$52,$C8,$04,$53,$54,$52,$41
1850 CC08494F525A     db  $CC,$08,$49,$4F,$52,$5A,$60,$01,$49,$4F,$52,$49,$64,$02,$49,$4F
1860 52526804494F     db  $52,$52,$68,$04,$49,$4F,$52,$41,$6C,$08,$41,$4E,$44,$5A,$40,$01
1870 414E44494402     db  $41,$4E,$44,$49,$44,$02,$41,$4E,$44,$52,$48,$04,$41,$4E,$44,$41
1880 4C08454F525A     db  $4C,$08,$45,$4F,$52,$5A,$20,$01,$45,$4F,$52,$49,$24,$02,$45,$4F
1890 52522804454F     db  $52,$52,$28,$04,$45,$4F,$52,$41,$2C,$08,$42,$43,$54,$52,$18,$04
18A0 424354411C0C     db  $42,$43,$54,$41,$1C,$0C,$42,$43,$46,$52,$98,$04,$42,$43,$46,$41
18B0 9C0C434F4D5A     db  $9C,$0C,$43,$4F,$4D,$5A,$E0,$01,$43,$4F,$4D,$49,$E4,$02,$43,$4F
18C0 4D52E804434F     db  $4D,$52,$E8,$04,$43,$4F,$4D,$41,$EC,$08,$41,$44,$44,$5A,$80,$01
18D0 414444498402     db  $41,$44,$44,$49,$84,$02,$41,$44,$44,$52,$88,$04,$41,$44,$44,$41
18E0 8C085355425A     db  $8C,$08,$53,$55,$42,$5A,$A0,$01,$53,$55,$42,$49,$A4,$02,$53,$55
18F0 4252A8045355     db  $42,$52,$A8,$04,$53,$55,$42,$41,$AC,$08,$52,$45,$54,$43,$14,$01
1900 524554453401     db  $52,$45,$54,$45,$34,$01,$42,$53,$54,$52,$38,$04,$42,$53,$54,$41
1910 3C0C42534652     db  $3C,$0C,$42,$53,$46,$52,$B8,$04,$42,$53,$46,$41,$BC,$0C,$52,$52
1920 522050015252     db  $52,$20,$50,$01,$52,$52,$4C,$20,$D0,$01,$43,$50,$53,$55,$74,$12
1930 4350534C7512     db  $43,$50,$53,$4C,$75,$12,$50,$50,$53,$55,$76,$12,$50,$50,$53,$4C
1940 771242524E52     db  $77,$12,$42,$52,$4E,$52,$58,$04,$42,$52,$4E,$41,$5C,$0C,$42,$49
1950 5252D8044249     db  $52,$52,$D8,$04,$42,$49,$52,$41,$DC,$0C,$42,$44,$52,$52,$F8,$04
1960 42445241FC0C     db  $42,$44,$52,$41,$FC,$0C,$42,$53,$4E,$52,$78,$04,$42,$53,$4E,$41
1970 7C0C4E4F5020     db  $7C,$0C,$4E,$4F,$50,$20,$C0,$11,$48,$41,$4C,$54,$40,$11,$54,$4D
1980 4920F4025752     db  $49,$20,$F4,$02,$57,$52,$54,$44,$F0,$01,$52,$45,$44,$44,$70,$01
1990 57525443B001     db  $57,$52,$54,$43,$B0,$01,$52,$45,$44,$43,$30,$01,$57,$52,$54,$45
19A0 D40252454445     db  $D4,$02,$52,$45,$44,$45,$54,$02,$5A,$42,$53,$52,$BB,$10,$5A,$42
19B0 52529B105450     db  $52,$52,$9B,$10,$54,$50,$53,$55,$B4,$12,$54,$50,$53,$4C,$B5,$12
19C0 4C5053559211     db  $4C,$50,$53,$55,$92,$11,$4C,$50,$53,$4C,$93,$11,$53,$50,$53,$55
19D0 12115350534C     db  $12,$11,$53,$50,$53,$4C,$13,$11,$42,$53,$58,$41,$BF,$1C,$42,$58
19E0 41209F1C4441     db  $41,$20,$9F,$1C,$44,$41,$52,$20,$94,$01,$4C,$44,$50,$4C,$10,$1C
19F0 5354504C111C     db  $53,$54,$50,$4C,$11,$1C,$44,$41,$54,$41,$00,$84,$00,$00,$00,$00
1A00 0000             db  $00,$00
           
1A02 000000000000             ds  $1a55-$,0               ;fill empty space with zeros
1A55                          org $1a55
1A55              ;       0   1   2   3   4   5   6   7   8   9  A   B   C    D   E   F
1A55 051A066C3F00                             db $05,$1A,$06,$6C,$3F,$00,$A4,$07,$FF,$0F,$A4      ;ok
1A60              ;$1a60
1A60                  ;db $0D,$18,$04,$BB,$A0,$1B,$77,$05,$04,$06,$40,$17,$32,$36,$35,$30 ;ok
1A60                      ;db $20,$4C,$49,$4E,$45,$20,$41,$53,$53,$45,$4D,$42,$4C,$45,$52,$0D     ;ok
1A60                      ;db $0A,$0A,$00,$00,$A4,$30,$1A,$0A,$E4,$0A,$16,$A4,$07,$1A,$03,$E4     ;ok
1A60 0D1804BBA01B     db  $0D,$18,$04,$BB,$A0,$1B,$77,$05,$04,$06,$40,$17,$32,$36,$35,$30
1A70 204C494E4520     db  $20,$4C,$49,$4E,$45,$20,$41,$53,$53,$45,$4D,$42,$4C,$45,$52,$0D
1A80 0A0A0000A430     db  $0A,$0A,$00,$00,$A4,$30,$1A,$0A,$E4,$0A,$16,$A4,$07,$1A,$03,$E4
1A90              ;$1a90
1A90                      ;db $10,$16,$1F,$94  ;modified
1A90              ;$1a93
1A90 10161F02         db  $10,$16,$1F,$02 ;comment out for improved line assembler
1A94 5020C1C2CC04                     db $50,$20,$C1,$C2,$CC,$04,$12,$08,$FC,$15,$EF,$04  ;ok
1AA0 29140F7A02E4         db $29,$14,$0F,$7A,$02,$E4,$20,$98,$02,$DB,$70,$3B,$57,$D2,$D2,$D2      ;ok
1AB0 D2CE042846F0         db $D2,$CE,$04,$28,$46,$F0,$62,$C2,$D1,$D1,$D1,$D1,$45,$F0,$08,$F2      ;ok
1AC0              ;$1ac0
1AC0 440F61C10401         db $44,$0F,$61,$C1,$04,$01,$C8,$D1,$DB,$54,$0A,$0D,$5E
1ACD              ;$1acd    
1ACD 0700E7          db $07,$00,$E7                                                                                                               ;ok comment ou
1AD0 3C1C001D3F02         db $3C,$1C,$00,$1D,$3F,$02,$86,$E4,$7F,$98,$0A,$03,$18,$71,$0F,$5A      ;ok comment out for improved line assembler
1AE0 02BBA01B6A05         db $02,$BB,$A0,$1B,$6A,$05,$03,$ED,$7A,$C9,$18,$09,$F9,$79,$CF,$7A      ;ok comment out for improved line assembler
1AF0 02BBA0DB5ACF         db $02,$BB,$A0,$DB,$5A,$CF,$04,$29,$CD,$04,$2A,$07,$00,$9B,$A5          ;ok comment out for improved line assembler
1AFF              
1AFF              ;==================================================================== 
1AFF              ; 2650 Line Assembler - Improved
1AFF              ; by A. M. KOLLOSCHE Higginbotham Avenus. Armidals NSW 2350 
1AFF              ; ELECTRONICS Austraila, .February, 1980
1AFF              ;===================================================================     
1AFF                  
1AFF              ;modified line input routine                                                                                                            ; ;
1AFF              ; L1ACD:                                             ; 1ACD                                                             
1AFF                              ; lodi,r3       $00                                        ; 1ACD : 07 00                          "  " [2]
1AFF              ; L1ACF:                                             ; 1ACF                                                             
1AFF                              ; comi,r3       $3C                                      ; 1ACF : E7 3C                    " <" [2]
1AFF                              ; ;bcta,eq      L15B0                                      ; 1AD1 : 1C 15 B0       "   "        [3]
1AFF                      ; db $1c,$d3,$b0
1AFF                              ; bsta,un       $0286                                      ; 1AD4 : 3F 02 86       "?  "        [3]
1AFF                              ; comi,r0       $7F                                      ; 1AD7 : E4 7F                    "  " [2]
1AFF              ; X1AD9:                                             ; 1AD9                                                             
1AFF                              ; bcfr,eq       L1AE6                                      ; 1AD9 : 98 0B                   "  "        [3]
1AFF                              ; lodz  r3                                         ; 1ADB : 03                      " "         [2]
1AFF                              ; bctr,eq       L1ACF                                      ; 1ADC : 18 71                   " q"        [3]
1AFF                              ; lodi,r0       $08                                      ; 1ADE : 04 08             "  "        [2]
1AFF                              ; zbsr  *$0020                  ;INFO: indirect jump     ; 1AE0 : BB A0             "  "        [3]
1AFF                              ; subi,r3       $01                                      ; 1AE2 : A7 01             "  "        [2]
1AFF                              ; bctr,un       L1ACF                                      ; 1AE4 : 1B 69                   " i"        [3]
1AFF                                                                                                                              ; ; ;
1AFF              ; L1AE6:                                             ; 1AE6                                                             
1AFF                              ; lodi,r1       $03                                      ; 1AE6 : 05 03             "  "        [2]
1AFF              ; L1AE8:                                             ; 1AE8                                                             
1AFF                              ; coma,r1       $1AC9                                      ; 1AE8 : ED 1A C9       "   "        [4]
1AFF                              ; bctr,eq       L1AF6                                      ; 1AEB : 18 09                          "  " [3]
1AFF                              ; bdrr,r1       L1AE8                                      ; 1AED : F9 79                          " y" [3]
1AFF                              ; stra,r3       $1A02                                      ; 1AEF : CF 1A 02        "   "       [4]
1AFF                              ; zbsr  *$0020                  ;INFO: indirect jump     ; 1AF2 : BB A0                    "  " [3]
1AFF                              ; birr,r3       L1ACF                                      ; 1AF4 : DB 59                          " Y" [3]
1AFF                              ; L1AF6:                                             ; 1AF6                                                             
1AFF                              ; stra,r3       $0429                                      ; 1AF6 : CF 04 29        "  )"       [4]
1AFF                              ; stra,r1       $042A                                     ; 1AF9 : CD 04 2A         "  *"       [4]
1AFF                              ; lodi,r3       $00                                        ; 1AFC : 07 00                          "  " [2]
1AFF                              ; zbrr  *$0025                  ;INFO: indirect jump     ; 1AFE : 9B A5                    "  " [3]             
1AFF              
1AFF              ;==================================================================== 
1AFF              ; An improved 2650 disassembler
1AFF              ; by JAMIESON ROWE 
1AFF              ; ELECTRONICS Australia, August, 1979
1AFF              ;==================================================================== 
1AFF 00                   ds  $1B00-$,0               ;fill empty space with zeros
1B00                      org $1B00
1B00 766077023F02         db      $76,$60,$77,$02,$3F,$02,$DB,$3F,$1C,$1C,$3B,$F9
1B0C CD1A48CE1A49         db      $CD,$1A,$48,$CE,$1A,$49,$E9,$AB,$19,$07,$1E,$02
1B18 50EAAA99FA3B         db      $50,$EA,$AA,$99,$FA,$3B,$E6,$CE,$1A,$40,$08,$FC
1B24 CC1A41180805         db      $CC,$1A,$41,$18,$08,$05,$1D,$06,$9E,$3F,$1D,$8A
1B30 C007FF0420CF         db      $C0,$07,$FF,$04,$20,$CF,$3A,$02,$E7,$22,$98,$79
1B3C 07FF0C1A463F         db      $07,$FF,$0C,$1A,$46,$3F,$1D,$30,$0C,$1A,$47,$3B
1B48 F987010C9A46         db      $F9,$87,$01,$0C,$9A,$46,$3B,$F2,$75,$09,$77,$02
1B54 07000612EF7B         db      $07,$00,$06,$12,$EF,$7B,$6B,$18,$06,$87,$02,$FA
1B60 771B2C05190F         db      $77,$1B,$2C,$05,$19,$0F,$3B,$6B,$C2,$1B,$36,$74
1B6C 2A7530763677         db      $2A,$75,$30,$76,$36,$77,$3C,$C0,$72,$40,$78,$BB
1B78 A89BAEB4B4B5         db      $A8,$9B,$AE,$B4,$B4,$B5,$BA,$92,$C0,$93,$C6,$12
1B84 CC13D2BFD89F         db      $CC,$13,$D2,$BF,$D8,$9F,$DE,$10,$EA,$11,$F0,$05
1B90 18062844FC3F         db      $18,$06,$28,$44,$FC,$3F,$1D,$55,$E7,$00,$98,$08
1B9C 07071F1BED3F         db      $07,$07,$1F,$1B,$ED,$3F,$1D,$4E,$06,$04,$07,$FF
1BA8 0FBA42CF7A11         db      $0F,$BA,$42,$CF,$7A,$11,$FA,$78,$07,$05,$0F,$FA
1BB4 42C2C3460F47         db      $42,$C2,$C3,$46,$0F,$47,$F0,$E6,$0C,$1C,$1C,$C9
1BC0 E6081C1C9BE6         db      $E6,$08,$1C,$1C,$9B,$E6,$04,$1C,$1C,$65,$E6,$02
1BCC 1C1C48E6011C         db      $1C,$1C,$48,$E6,$01,$1C,$1C,$25,$3F,$1D,$0D,$3F
1BD8 1CEF3F1D70C2         db      $1C,$EF,$3F,$1D,$70,$C2,$20,$F6,$80,$98,$02,$04
1BE4 1F07183F1D30         db      $1F,$07,$18,$3F,$1D,$30,$02,$3B,$FB,$20,$CF,$3A
1BF0 02051A06023F         db      $02,$05,$1A,$06,$02,$3F,$1D,$8A,$3F,$1C,$FB,$ED
1BFC 1A481D00221A         db      $1A,$48,$1D,$00,$22,$1A,$05,$EE,$1A,$49,$19,$F7
1C08 750904FF8C1A         db      $75,$09,$04,$FF,$8C,$1A,$41,$C8,$FC,$E4,$00,$9C
1C14 1B313F02861F         db      $1B,$31,$3F,$02,$86,$1F,$1B,$22,$CD,$1A,$46,$CE
1C20 1A4717C0C0F7         db      $1A,$47,$17,$C0,$C0,$F7,$10,$18,$1A,$0C,$9A,$46
1C2C C1440345DC25         db      $C1,$44,$03,$45,$DC,$25,$14,$98,$04,$06,$EC,$1B
1C38 0206D405173F         db      $02,$06,$D4,$05,$17,$3F,$1D,$55,$3F,$1D,$78,$07
1C44 161F1BEDF710         db      $16,$1F,$1B,$ED,$F7,$10,$18,$0D,$0C,$9A,$46,$44
1C50 03051706D43B         db      $03,$05,$17,$06,$D4,$3B,$E7,$3B,$E8,$3F,$1D,$0D
1C5C 07183F1D3007         db      $07,$18,$3F,$1D,$30,$07,$1A,$1B,$E1,$0C,$9A,$46
1C68 C14403F51018         db      $C1,$44,$03,$F5,$10,$18,$04,$06,$D4,$1B,$02,$06
1C74 EC05173F1D55         db      $EC,$05,$17,$3F,$1D,$55,$3F,$1D,$78,$3B,$DB,$3F
1C80 1CEF3F1D70C1         db      $1C,$EF,$3F,$1D,$70,$C1,$77,$09,$8C,$1A,$47,$C2
1C8C 3F1DBDC13F1D         db      $3F,$1D,$BD,$C1,$3F,$1D,$23,$02,$3B,$C9,$07,$1C
1C98 1F1BED0C9A46         db      $1F,$1B,$ED,$0C,$9A,$46,$44,$03,$05,$17,$06,$D4
1CA4 3BD23BD33F1D         db      $3B,$D2,$3B,$D3,$3F,$1D,$0D,$3F,$1C,$EF,$50,$50
1CB0 50505044031B         db      $50,$50,$50,$44,$03,$1B,$07,$C3,$0F,$77,$CF,$CC
1CBC 1A1F3F1D233F         db      $1A,$1F,$3F,$1D,$23,$3F,$1D,$17,$07,$1D,$1F,$1B
1CC8 ED0C9A46F440         db      $ED,$0C,$9A,$46,$F4,$40,$18,$04,$06,$EC,$1B,$02
1CD4 06D405174403         db      $06,$D4,$05,$17,$44,$03,$3F,$1D,$55,$3F,$1D,$78
1CE0 3B2B3B0B447F         db      $3B,$2B,$3B,$0B,$44,$7F,$3F,$1D,$2B,$3B,$2C,$07
1CEC 1C1BD8F58016         db      $1C,$1B,$D8,$F5,$80,$16,$04,$2A,$07,$17,$CF,$3A
1CF8 020117770A75         db      $02,$01,$17,$77,$0A,$75,$01,$0D,$1A,$46,$0E,$1A
1D04 47860185003F         db      $47,$86,$01,$85,$00,$3F,$1C,$1C,$17,$3B,$6C,$0C
1D10 9A4607063B1A         db      $9A,$46,$07,$06,$3B,$1A,$17,$3B,$62,$0C,$9A,$46
1D1C 3B1207083B0E         db      $3B,$12,$07,$08,$3B,$0E,$17,$45,$1F,$0C,$1A,$46
1D28 44606107183B         db      $44,$60,$61,$07,$18,$3B,$01,$17,$C1,$75,$0A,$50
1D34 5050503B0501         db      $50,$50,$50,$3B,$05,$01,$3B,$02,$01,$17,$44,$0F
1D40 E40A1A048437         db      $E4,$0A,$1A,$04,$84,$37,$1B,$02,$84,$30,$CF,$3A
1D4C 0217CD1A42CE         db      $02,$17,$CD,$1A,$42,$CE,$1A,$43,$17,$3B,$77,$07
1D58 04EFFA421475         db      $04,$EF,$FA,$42,$14,$75,$01,$77,$08,$86,$06,$85
1D64 00E519986CE6         db      $00,$E5,$19,$98,$6C,$E6,$F6,$1A,$68,$07,$00,$17
1D70 447FF4401664         db      $44,$7F,$F4,$40,$16,$64,$80,$17,$04,$2C,$CC,$1A
1D7C 15060207FF0F         db      $15,$06,$02,$07,$FF,$0F,$BA,$42,$CF,$7A,$16,$FA
1D88 7817CD1A44CE         db      $78,$17,$CD,$1A,$44,$CE,$1A,$45,$75,$08,$07,$FF
1D94 0FBA441C008A         db      $0F,$BA,$44,$1C,$00,$8A,$BB,$A0,$1B,$76,$0D,$0A
1DA0 323635302044         db      $32,$36,$35,$30,$20,$44,$49,$53,$41,$53,$53,$45
1DAC 4D424C455220         db      $4D,$42,$4C,$45,$52,$20,$56,$45,$52,$53,$49,$4F
1DB8 4E20320A00B5         db      $4E,$20,$32,$0A,$00,$B5,$01,$98,$07,$01,$1A,$0B
1DC4 04011B08019A         db      $04,$01,$1B,$08,$01,$9A,$04,$04,$FF,$1B,$01,$20
1DD0 75098C1A4617         db      $75,$09,$8C,$1A,$46,$17
1DD6              ;==================================================================== 
1DD6              ;       *ROUTINE TO PROVIDE COMMENT ADDITION
1DD6              ;       *FACILITY FOR THE IMPROVED 2650
1DD6              ;       *DISASSEMBLER. J.ROWE 1/ 4/ 1979
1DD6              ;==================================================================== 
1DD6 3F0286               BSTA,UN $0286
1DD9 E40D                 COMI,R0 $0D
1DDB 1C008A               BCTA,Z  $008A
1DDE E409                 COMI,R0 $09
1DE0 1804                 BCTR,Z  $1DE6
1DE2 BB94                 ZBSR    *0020
1DE4 1B70                 BCTR,UN $1DD6
1DE6 BBA5                 ZBSR    *$0025
1DE8 070F                 LODI,R3 $0F
1DEA 3F0361               BSTA,UN $0361
1DED 1B67                 BCTR,UN $1DD6
1DEF              ;==================================================================== 
1DEF              ;        *ROUTINE TO PRINT OUT ASCII MESSAGES
1DEF              ;        *STORED IN MEMORY. J ROWE APRIL 1979
1DEF              ;        *USES MESSAGE PRINTING SUBR IN MY
1DEF              ;        *IMPROVED DISASSEMBLER. ALSO GNUM IN
1DEF              ;        *PIPBUG. GALL BY GIDF0 AAAA. WHERE
1DEF              ;        *AAAA IS START OF MESSAGE. NOTE THAT
1DEF              ;        *MESSAGE MUST END WITH A NULL
1DEF              ;==================================================================== 
1DEF 00                   ds  $1DF0-$,0               ;fill empty space with zeros
1DF0                      org $1DF0     
1DF0                      
1DF0 7660                 ppsu $60
1DF2 3F02DB               bsta,un $02db
1DF5 3F1D8A               bsta,un $1d8a
1DF8 9B22                 zbrr $0022
1DFA              
1DFA                      
1DFA              ;==================================================================== 
1DFA              ; The High (HY) ROM and Extended (E) function section
1DFA              ; HY+E = HEY?
1DFA              ;==================================================================== 
1DFA 000000000000             ds  $3000-$,0               ;fill empty space with zeros
3000                          org $3000               
3000              ;==================================================================== 
3000              ; ran out of space in the command handler function 'mbug', continue here
3000              ; display 'help' when '?' is entered 
3000               ;====================================================================           
3000 E43F          mbug1:     comi,R0 '?'
3002 1C3023                   bcta,EQ help
3005 E448                     COMI,r0 'H'                                     
3007 1C3C50                   BCTA,eq hexlist   
300A E446                     COMI,r0 'F'                                     
300C 1C3C6A                   BCTA,eq search
300F E458                     COMI,r0 'X'                                     
3011 1C3C8A                   BCTA,eq find
3014 E44D                     COMI,r0 'M'                                     
3016 1C3CA2                   BCTA,eq move
3019 E452                     COMI,r0 'R'                                     
301B 1C15C0                   BCTA,eq lass
301E                          ;COMI,r0 'Z'                                     
301E                          ;BCTA,eq basic
301E E459                     COMI,r0 'Y'                                     
3020              
3020              
3020              
3020              
3020              ;add extras here
3020 1F001D                   bcta,UN ebug 
3023              ;====================================================================
3023              ; help displayed when '?' is entered at the PIPBUG prompt
3023              ;====================================================================
3023              ; really inefficient code - welcoming a fix
3023 3F008A       help:       bsta,UN crlf                ;start on a new line
3026 07FF                     lodi,R3 $FF                 ;256 R3 is pre-incremented in the instruction below
3028 0F3053       help1:      loda,R0 helptxt,R3,+        ;load the character into R0 from the text below indexed by R3
302B E400                     comi,R0 $00                 ;is it zero? (end of string)
302D 1C3035                   bcta,EQ help2               ;branch back to pipbug when done
3030 3F02B4                   bsta,UN cout                ;else, print the character using pipbug serial output
3033 1B73                     bctr,UN help1               ;loop back for the next character in the string
3035 07FF         help2:      lodi,R3 $FF     
3037 0F313E       help3:      loda,R0 helptxt1,R3,+       ;load the character into R0 from the text below indexed by R3
303A E400                     comi,R0 $00                 ;is it zero? (end of string)
303C 1C3044                   bcta,EQ help4                ;branch back to pipbug when done
303F 3F02B4                   bsta,UN cout                ;else, print the character using pipbug serial output
3042 1B73                     bctr,UN help3
3044 07FF         help4:      lodi,R3 $FF     
3046 0F320B       help5:      loda,R0 helptxt2,R3,+       ;load the character into R0 from the text below indexed by R3
3049 E400                     comi,R0 $00                 ;is it zero? (end of string)
304B 1C0022                   bcta,EQ mbug                ;branch back to pipbug when done
304E 3F02B4                   bsta,UN cout                ;else, print the character using pipbug serial output
3051 1B73                     bctr,UN help5                          
3053 504950425547 helptxt:    db "PIPBUG Commands:",CR,LF,LF              ;16
3066 416C74657220             db "Alter Memory aaaa   Aaaaa<CR>",CR,LF     ;28
3085 536574204272             db "Set Breakpoint n    Bn aaaa<CR>",CR,LF   ;30
30A6 436C65617220             db "Clear Breakpoint n  Cn<CR>",CR,LF        ;25
30C2 44756D702074             db "Dump to tape        Daaaa bbbb<CR>",CR,LF        ;25
30E6 476F746F2041             db "Goto Address aaaa   Gaaaa<CR>",CR,LF     ;28         
3105 4C6F61642048             db "Load Hex File       L<CR>",CR,LF         ;24
3120 536565205265             db "See Register Rn     Sn<CR>",CR,LF,LF,$00     ;25     =156
313E                          
313E 5574696C6974 helptxt1:   db "Utility Routines:",CR,LF,LF
3152 46696E642048             db "Find Hex String     Faaaa bbbb xxyy<CR>",CR,LF
317B 46696E642048             db "Find Hex Value      Xaaaa bbbb xx<CR>",CR,LF
31A2 486578204C69             db "Hex List            Haaaa bbbb<CR>",CR,LF   
31C6 4D6F76652020             db "Move                Maaaa bbbb cccc<CR>",CR,LF
31EF              ;            db "Fill Memory        Iaaaa bbbb xx<CR>",CR,LF,$00
31EF 32363530204C             db "2650 Line Assembler R<CR>",CR,LF,$00
320B              
320B              helptxt2:
320B 446973617373             db "Disassembler        G1B00 aaaa bbbb xx<CR>",CR,LF
3237 5072696E7420             db "Print ASCII         G1DF0 aaaa<CR>",CR,LF,$00
325C              ;Official Utility EPROM Label Equates-------------------------------------
325C              ;GPAR            equ $3C07        ;(R/w) EPROM subroutine
325C              ;INCRT           equ $3C2A        ;(R/w) EPROM subroutine
325C              ;PADR            equ $3C3C        ;(R/w) EPROM subroutine
325C              ;HEXLIST         equ $3C50        ;(R/w) EPROM subroutine
325C              ;SEARCH          equ $3C6A        ;(R/w) EPROM subroutine
325C              ;HEXIN           equ $3C8A        ;(R/w) EPROM subroutine
325C              ;VERIFY          equ $3CDD        ;(R/w) EPROM subroutine
325C              ;OK              equ $3CF8        ;(R/w) EPROM code section
325C              ;FAULTY          equ $3D0E        ;(R/w) EPROM code section
325C              ;MOVE            equ $3D3B        ;(R/w) EPROM subroutine
325C              ;Z3OUT           equ $3DBE        ;(R/w) EPROM subroutine (300 baud)
325C              ;Z3IN            equ $3DE4        ;(R/w) EPROM subroutine (300 baud)
325C              ;ZDUMP           equ $3E02        ;(R/w) EPROM subroutine (300 baud)
325C              ;ZLOAD           equ $3E53        ;(R/w) EPROM subroutine (300 baud)
325C              ;ZVERIFY         equ $3EA2        ;(R/w) EPROM subroutine (300 baud)
325C              
325C 000000000000             ds  $3C00-$,0               ;fill empty space with zeros
3C00                          org $3C00         
3C00              L3C00: ;$3C00
3C00 CD0FFA                   stra,r1     X2FFA
3C03 CE0FFB                   stra,r2     X2FFA+1
3C06 17                       retc,un
3C07              gpar: ;$3C07
3C07 7640                     PPSU    flag                                     ;  9,2 $3C07 76 40    PSU |= $40 & %01100111;
3C09              ;Set Flag (F) bit
3C09 7702                     PPSL    $02                                      ;  9,2 $3C09 77 02    PSL |= 2;
3C0B              ;Set Compare (COM) bit (now unsigned/logical)
3C0B 7518                     CPSL    RS+wc                                    ;  9,2 $3C0B 75 18    PSL &= ~($18);
3C0D              ;Clear Register Select (RS) bit (now Register 1..Register 3)
3C0D              ;Clear With Carry (wc) bit
3C0D 3F02DB                   BSTA,un gnum                                     ;  9,3 $3C0D 3F 02 DB gosub L02DB;
3C10 3B6E                     BSTR,un L3C00                                    ;  9,2 $3C10 3B 6E    gosub L3C00;
3C12 3BFA                     BSTR,un *$3C0E ;[gnum]                           ; 15,2 $3C12 3B FA    gosub *$3C0E [L02DB];
3C14 3B0F                     BSTR,un L3C25                                    ;  9,2 $3C14 3B 0F    gosub L3C25;
3C16 CD0FFC                   STRA,r1 X2FFC                                    ; 12,3 $3C16 CD 0F FC *($2FFC) = r1;
3C19 CE0FFD                   STRA,r2 X2FFD                                    ; 12,3 $3C19 CE 0F FD *($2FFD) = r2;
3C1C 3BF0                     BSTR,un *$3C0E ;[gnum]                           ; 15,2 $3C1C 3B F0    gosub *$3C0E [L02DB];
3C1E CD0FFE                   STRA,r1 X2FFE                                    ; 12,3 $3C1E CD 0F FE *($2FFE) = r1;
3C21 CE0FFF                   STRA,r2 X2FFF                                    ; 12,3 $3C21 CE 0F FF *($2FFF) = r2;
3C24 17                       RETC,un                                          ;  9,1 $3C24 17       return;            
3C25              L3C25:
3C25 DA02                     birr,r2     L3C29
3C27 D900                     birr,r1     L3C29
3C29              L3C29:
3C29 17                       retc,un
3C2A              L3C2A:
3C2A 0D0FFA                   loda,r1     X2FFA
3C2D 0E0FFB                   loda,r2     X2FFB
3C30 3B73                     bstr,un     L3C25
3C32 3B4C                     bstr,un     L3C00
3C34 ED0FFC                   coma,r1     X2FFC
3C37 16                       retc,lt
3C38 EE0FFD                   coma,r2     X2FFD
3C3B 17                       retc,un
3C3C              L3C3C:
3C3C 3F008A                   bsta,un     crlf
3C3F 0D0FFA                   loda,r1     X2FFA
3C42 3F0269                   bsta,un     bout            ;$0269
3C45 0D0FFB                   loda,r1     X2FFB
3C48 3BF9                     bstr,un     *$3C43          ;$0269 ;INFO: indirect jump
3C4A              L3C4A:
3C4A 0420                     lodi,r0     $20
3C4C 3F02B4                   bsta,un     cout            ;$02B4
3C4F 17                       retc,un
3C50              ;====================================================================
3C50              ; HEX list function - Haaaa bbbb
3C50              ;====================================================================
3C50              hexlist: ;$3C50
3C50 3F3C07                   BSTA,un gpar                                     ;  9,3 $3C50 3F 3C 07 gosub L3C07;
3C53              L3C53: ;$3C53
3C53 3B67                     BSTR,un L3C3C                                    ;  9,2 $3C53 3B 67    gosub L3C3C;
3C55              L3C55: ;$3C55
3C55 0D8FFA                   LODA,r1 *X2FFA                                   ; 18,3 $3C55 0D 8F FA r1 = *(*$2FFA);
3C58 3BE9                     BSTR,un *$3C43 ;[bout]                           ; 15,2 $3C58 3B E9    gosub *$3C43 [L0269];
3C5A              ;Warning: indirect branch!
3C5A 3B6E                     BSTR,un L3C4A                                    ;  9,2 $3C5A 3B 6E    gosub L3C4A;
3C5C 3B4C                     BSTR,un L3C2A                                    ;  9,2 $3C5C 3B 4C    gosub L3C2A;
3C5E 9E0022                   BCFA,lt mbug                                     ;  9,3 $3C5E 9E 00 22 if CC != LT then goto L0022;
3C61 0C0FFB                   LODA,r0 X2FFB                                    ; 12,3 $3C61 0C 0F FB r0 = *($2FFB);
3C64 440F                     ANDI,r0 $0F                                      ;  6,2 $3C64 44 0F    r0 &= $F;
3C66 986D                     BCFR,eq L3C55                                    ;  9,2 $3C66 98 6D    if CC != EQ then goto L3C55;
3C68 1B69                     BCTR,un L3C53                                    ;  9,2 $3C68 1B 69    goto L3C53;
3C6A              ;====================================================================
3C6A              ; Find HEX string function - Faaaa bbbb xxyy
3C6A              ;====================================================================    
3C6A              search: ;$3C6A
3C6A 3BE5                     BSTR,un *$3C51 ;[L3C07]                          ; 15,2 $3C6A 3B E5    gosub *$3C51 [L3C07];
3C6C              ;Warning: indirect branch!
3C6C 3BCF                     BSTR,un *$3C3D ;[L008A]                          ; 15,2 $3C6C 3B CF    gosub *$3C3D [L008A];
3C6E              ;Warning: indirect branch!
3C6E              L3C6E: ;$3C6E
3C6E 0C8FFA                   LODA,r0 *X2FFA                                   ; 18,3 $3C6E 0C 8F FA r0 = *(*$2FFA);
3C71 EC0FFE                   COMA,r0 X2FFE                                    ; 12,3 $3C71 EC 0F FE compare r0 against *($2FFE);
3C74 980D                     BCFR,eq L3C83                                    ;  9,2 $3C74 98 0D    if CC != EQ then goto L3C83;
3C76 0701                     LODI,r3 1                                        ;  6,2 $3C76 07 01    r3 = 1 [SOH];
3C78 0FEFFA                   LODA,r0 *X2FFA,r3                                ; 18,3 $3C78 0F EF FA r0 = *(*$2FFA + r3);
3C7B EC0FFF                   COMA,r0 X2FFF                                    ; 12,3 $3C7B EC 0F FF compare r0 against *($2FFF);
3C7E 9803                     BCFR,eq L3C83                                    ;  9,2 $3C7E 98 03    if CC != EQ then goto L3C83;
3C80 3F3C3C                   BSTA,un L3C3C                                    ;  9,3 $3C80 3F 3C 3C gosub L3C3C;
3C83              L3C83: ;$3C83
3C83 3F3C2A                   BSTA,un L3C2A                                    ;  9,3 $3C83 3F 3C 2A gosub L3C2A;
3C86 9AD7                     BCFR,lt *$3C5F ;[mbug]                           ;6+9,2 $3C86 9A D7    if CC != LT then goto *$3C5F [L0022];
3C88              ;Warning: indirect branch!
3C88 1B64                     BCTR,un L3C6E                                    ;  9,2 $3C88 1B 64    goto L3C6E; 
3C8A              ;====================================================================
3C8A              ; Find HEX  function - Eaaaa bbbb xx
3C8A              ;==================================================================== 
3C8A              find:                
3C8A 3BC5                     BSTR,un *$3C51 ;[L3C07]                           ; 15,2 $3C6A 3B E5    gosub *$3C51 [L3C07];
3C8C              ;Warning: indirect branch!
3C8C 3F008A                   bsta,un     crlf
3C8F              find2: ;$3C6E
3C8F 0C8FFA                   LODA,r0 *X2FFA                                   ; 18,3 $3C6E 0C 8F FA r0 = *(*$2FFA);
3C92 EC0FFF                   COMA,r0 X2FFF                                    ; 12,3 $3C7B EC 0F FF compare r0 against *($2FFF);
3C95 9803                     BCFR,eq find3                                    ;  9,2 $3C7E 98 03    if CC != EQ then goto L3C83;
3C97 3F3C3C                   BSTA,un L3C3C                                    ;  9,3 $3C80 3F 3C 3C gosub L3C3C;
3C9A              find3: ;$3C83
3C9A 3F3C2A                   BSTA,un L3C2A                                    ;  9,3 $3C83 3F 3C 2A gosub L3C2A;
3C9D 9EBC5F                   BCFa,lt *$3c5f;$3C87 ;[mbug]                     ;6+9,2 $3C86 9A D7    if CC != LT then goto *$3C5F [L0022];
3CA0              ;Warning: indirect branch!
3CA0 1B6D                     BCTR,un find2                       
3CA2              ;====================================================================
3CA2              ; Move  function - Faaaa bbbb xx
3CA2              ;====================================================================    
3CA2              move:
3CA2 3F3C07                   bsta,un     gpar
3CA5 ED0FFA                   coma,r1     X2FFA
3CA8 1984                     bctr,gt     *$3CAE                                ;INFO: indirect jump
3CAA EE0FFB                   coma,r2     X2FFB
3CAD 1D3CEB                   bcta,gt     L3D84
3CB0              L3D49:
3CB0 0C8FFA                   loda,r0     *X2FFA
3CB3 CC8FFE                   stra,r0     *X2FFE
3CB6 3F3C2A                   bsta,un     L3C2A
3CB9 9E0022                   bcfa,lt     mbug
3CBC 3B07                     bstr,un     L3D5E
3CBE 3F3C25                   bsta,un     L3C25
3CC1 3B09                     bstr,un     L3D65
3CC3 1B6B                     bctr,un     L3D49
3CC5              L3D5E:
3CC5 0D0FFE                   loda,r1     X2FFE
3CC8 0E0FFF                   loda,r2     X2FFF
3CCB 17                       retc,un
3CCC              L3D65:
3CCC CD0FFE                   stra,r1     X2FFE
3CCF CE0FFF                   stra,r2     X2FFF
3CD2 17                       retc,un
3CD3              L3D6C:
3CD3 0D0FFC                   loda,r1     X2FFC
3CD6 0E0FFD                   loda,r2     X2FFD
3CD9 3B07                     bstr,un     L3D7B
3CDB CD0FFC                   stra,r1     X2FFC
3CDE CE0FFD                   stra,r2     X2FFD
3CE1 17                       retc,un
3CE2              L3D7B:
3CE2 FA00                     bdrr,r2     L3D7D
3CE4              L3D7D:
3CE4 E6FF                     comi,r2     $FF
3CE6 9802                     bcfr,eq     L3D83
3CE8 F900                     bdrr,r1     L3D83
3CEA              L3D83:
3CEA 17                       retc,un
3CEB              L3D84:
3CEB 3B66                     bstr,un     L3D6C
3CED 7709                     ppsl        $09
3CEF 3B54                     bstr,un     L3D5E
3CF1 AE0FFB                   suba,r2     X2FFB
3CF4 AD0FFA                   suba,r1     X2FFA
3CF7 7501                     cpsl        $01
3CF9 8E0FFD                   adda,r2     X2FFD
3CFC 8D0FFC                   adda,r1     X2FFC
3CFF 3B4B                     bstr,un     L3D65
3D01 7508                     cpsl        $08
3D03 0C8FFC                   loda,r0     *X2FFC
3D06 CC8FFE                   stra,r0     *X2FFE
3D09              L3DA2:
3D09 3F3CC5                   bsta,un     L3D5E
3D0C 3B54                     bstr,un     L3D7B
3D0E 3F3CCC                   bsta,un     L3D65
3D11 3B40                     bstr,un     L3D6C
3D13 0C8FFC                   loda,r0     *X2FFC
3D16 CC8FFE                   stra,r0     *X2FFE
3D19 ED0FFA                   coma,r1     X2FFA
3D1C 196B                     bctr,gt     L3DA2
3D1E EE0FFB                   coma,r2     X2FFB
3D21 1966                     bctr,gt     L3DA2
3D23 9B22                     zbrr        mbug
3D25              ;====================================================================
3D25              ; RAM definitions
3D25              ;====================================================================
0400                          org $400
0400              
0400              com:        ds  1      ;400             ;R0 saved here
0401                          ds  1      ;401             ;R1 in register bank 0 saved here
0402                          ds  1      ;402             ;R2 in register bank 0 saved here
0403                          ds  1      ;403             ;R3 in register bank 0 saved here
0404                          ds  1      ;404             ;R1 in register bank 1 saved here
0405                          ds  1      ;405             ;R2 in register bank 0 saved here
0406                          ds  1      ;406             ;R3 in register bank 0 saved here
0407                          ds  1      ;407             ;program status, upper saved here
0408                          ds  1      ;408             ;program status, lower saved here
0409              xgot:       ds  2      ;409 40A
040B                          ds  2      ;40B 40C
040D              temp:       ds  2      ;40D 40E             ;addresses stored here
040F              temq        ds  2      ;40F 410
0411              temr        ds  1      ;411
0412              tems        ds  1      ;412
0413              buff        ds  blen                ;input buffer
0427              bptr        ds  1
0428              mcnt        ds  1
0429              cnt         ds  1
042A              bcc         ds  1
042B              code        ds  1
042C              mark        ds  bmax+1              ;used by breakpoint
042E              hdat        ds  bmax+1              ;used by breakpoint
0430              ldat        ds  bmax+1              ;used by breakpoint
0432              hadr        ds  bmax+1              ;used by breakpoint
0434              ladr        ds  bmax+1              ;used by breakpoint
0436              
0436              hdata:      ds  1                   ;used by hex load - hex data byte
0437              cksum:      ds  1                   ;used by hex load - checksum
0438              bytcnt:     ds  1                   ;used by hex load - byte count
0439              addhi:      ds  1                   ;used by hex load - address hi byte
043A              addlo:      ds  1                   ;used by hex load - address lo byte
043B              rectyp:     ds  1                   ;used by hex load - record type
043C              ;====================================================================
043C              ;Official Utility RAM Label Equates----------------------------------
043C              ;START           equ $2FFA        ;(R/W) RAM data
043C              ;END             equ $2FFC        ;(R/W) RAM data
043C              ;NEW             equ $2FFE        ;(R/W) RAM data
043C              ;====================================================================
2FD0                          org $2fd0
2FD0              X2FD0:       ds  1   ;2ff0 2ff1 2ff2 2ff3 2ff4 2ff5 2ff6 2ff7 2ff8 2ff9  
2FD1              X2FD1:       ds  1 
2FD2              X2FD2:  ds  1 
2FD3              X2FD3:  ds  1 
2FD4              X2FD4:  ds  1 
2FD5              X2FD5:  ds  1 
2FD6              X2FD6:  ds  1 
2FD7              X2FD7:  ds  1 
2FD8              X2FD8:  ds  1 
2FD9              X2FD9:  ds  1 
2FDA              X2FDA:  ds  1 
2FDB              X2FDB:  ds  1 
2FDC              X2FDC:  ds  1 
2FDD              X2FDD:  ds  1 
2FDE              X2FDE:  ds  1 
2FFA                          org $2ffa
2FFA              X2FFA:     ds  1   ;2ffa        ;start
2FFB              X2FFB:     ds  1   ;2ffb
2FFC              X2FFC:     ds  1   ;2ffc        ;end
2FFD              X2FFD:     ds  1   ;2ffd
2FFE              X2FFE:     ds  1   ;2ffe
2FFF              X2FFF:     ds  1   ;2fff        ;new
3000              
3000 > 0000                   end

%heybug-rs (default) . . . . . . = Section  0000-2FFF (Byte)
ABRT . . . . . . . . . . . . . . = Value    00000250
ACDU . . . . . . . . . . . . . . = Value    000002C1
ACHI . . . . . . . . . . . . . . = Value    0000028D (not used)
ADDHI. . . . . . . . . . . . . . = Value    00000439 (not used)
ADDLO. . . . . . . . . . . . . . = Value    0000043A (not used)
ADUM . . . . . . . . . . . . . . = Value    00000369
AGAP . . . . . . . . . . . . . . = Value    00000361
AINI . . . . . . . . . . . . . . = Value    00000003
ALIN . . . . . . . . . . . . . . = Value    00000079
ALKU . . . . . . . . . . . . . . = Value    00000248
ALOA . . . . . . . . . . . . . . = Value    000003D4
ALTE . . . . . . . . . . . . . . = Value    000000AB
ANSI . . . . . . . . . . . . . . = Value    00000259
ASRE . . . . . . . . . . . . . . = Value    00000116 (not used)
BCC. . . . . . . . . . . . . . . = Value    0000042A
BCHI . . . . . . . . . . . . . . = Value    00000294
BDUM . . . . . . . . . . . . . . = Value    0000036B
BIN. . . . . . . . . . . . . . . = Value    00000224
BK01 . . . . . . . . . . . . . . = Value    00000160
BK02 . . . . . . . . . . . . . . = Value    0000016E
BKEN . . . . . . . . . . . . . . = Value    0000017A
BKPT . . . . . . . . . . . . . . = Value    000001E5
BLEN . . . . . . . . . . . . . . = Value    00000014
BLIN . . . . . . . . . . . . . . = Value    00000095
BLOA . . . . . . . . . . . . . . = Value    000003E1
BMAX . . . . . . . . . . . . . . = Value    00000001
BNUM . . . . . . . . . . . . . . = Value    000002F2 (not used)
BOUT . . . . . . . . . . . . . . = Value    00000269
BPTR . . . . . . . . . . . . . . = Value    00000427
BSRE . . . . . . . . . . . . . . = Value    0000012A
BUFF . . . . . . . . . . . . . . = Value    00000413
BYTCNT . . . . . . . . . . . . . = Value    00000438 (not used)
CALT . . . . . . . . . . . . . . = Value    000000D2 (not used)
CBCC . . . . . . . . . . . . . . = Value    0000023D
CDUM . . . . . . . . . . . . . . = Value    00000351
CHIN . . . . . . . . . . . . . . = Value    00000284
CKSUM. . . . . . . . . . . . . . = Value    00000437 (not used)
CLBK . . . . . . . . . . . . . . = Value    000001AB
CLIN . . . . . . . . . . . . . . = Value    0000007F
CLOA . . . . . . . . . . . . . . = Value    000003F5
CLR. . . . . . . . . . . . . . . = Value    000001CA
CNT. . . . . . . . . . . . . . . = Value    00000429
CNUM . . . . . . . . . . . . . . = Value    000002F5 (not used)
CODE . . . . . . . . . . . . . . = Value    0000042B
COM. . . . . . . . . . . . . . . = Value    00000400
COUT . . . . . . . . . . . . . . = Value    000002B4
CR . . . . . . . . . . . . . . . = Value    0000000D
CRLF . . . . . . . . . . . . . . = Value    0000008A
CSRE . . . . . . . . . . . . . . = Value    00000132
DALT . . . . . . . . . . . . . . = Value    000000E3
DDUM . . . . . . . . . . . . . . = Value    00000386
DELE . . . . . . . . . . . . . . = Value    0000007F
DISP . . . . . . . . . . . . . . = Value    00000222
DLAY . . . . . . . . . . . . . . = Value    000002A6
DLIN . . . . . . . . . . . . . . = Value    00000084
DLY. . . . . . . . . . . . . . . = Value    000002AD
DNUM . . . . . . . . . . . . . . = Value    000002D5
DUMP . . . . . . . . . . . . . . = Value    00000310
EBUG . . . . . . . . . . . . . . = Value    0000001D
EDUM . . . . . . . . . . . . . . = Value    0000039A
ELIN . . . . . . . . . . . . . . = Value    0000007D
EQ . . . . . . . . . . . . . . . = Value    00000000
FDUM . . . . . . . . . . . . . . = Value    00000325
FIND . . . . . . . . . . . . . . = Value    00003C8A
FIND2. . . . . . . . . . . . . . = Value    00003C8F
FIND3. . . . . . . . . . . . . . = Value    00003C9A
FLAG . . . . . . . . . . . . . . = Value    00000040
FORM . . . . . . . . . . . . . . = Value    0000035B
GAP. . . . . . . . . . . . . . . = Value    0000035F
GNUM . . . . . . . . . . . . . . = Value    000002DB
GOTO . . . . . . . . . . . . . . = Value    0000013A
GPAR . . . . . . . . . . . . . . = Value    00003C07
GT . . . . . . . . . . . . . . . = Value    00000001
HADR . . . . . . . . . . . . . . = Value    00000432
HDAT . . . . . . . . . . . . . . = Value    0000042E
HDATA. . . . . . . . . . . . . . = Value    00000436 (not used)
HELP . . . . . . . . . . . . . . = Value    00003023
HELP1. . . . . . . . . . . . . . = Value    00003028
HELP2. . . . . . . . . . . . . . = Value    00003035
HELP3. . . . . . . . . . . . . . = Value    00003037
HELP4. . . . . . . . . . . . . . = Value    00003044
HELP5. . . . . . . . . . . . . . = Value    00003046
HELPTXT. . . . . . . . . . . . . = Value    00003053
HELPTXT1 . . . . . . . . . . . . = Value    0000313E
HELPTXT2 . . . . . . . . . . . . = Value    0000320B
HEXLIST. . . . . . . . . . . . . = Value    00003C50
II . . . . . . . . . . . . . . . = Value    00000020 (not used)
INIT . . . . . . . . . . . . . . = Value    00000000 (not used)
L1600. . . . . . . . . . . . . . = Value    00001600
L3C00. . . . . . . . . . . . . . = Value    00003C00
L3C25. . . . . . . . . . . . . . = Value    00003C25
L3C29. . . . . . . . . . . . . . = Value    00003C29
L3C2A. . . . . . . . . . . . . . = Value    00003C2A
L3C3C. . . . . . . . . . . . . . = Value    00003C3C
L3C4A. . . . . . . . . . . . . . = Value    00003C4A
L3C53. . . . . . . . . . . . . . = Value    00003C53
L3C55. . . . . . . . . . . . . . = Value    00003C55
L3C6E. . . . . . . . . . . . . . = Value    00003C6E
L3C83. . . . . . . . . . . . . . = Value    00003C83
L3D49. . . . . . . . . . . . . . = Value    00003CB0
L3D5E. . . . . . . . . . . . . . = Value    00003CC5
L3D65. . . . . . . . . . . . . . = Value    00003CCC
L3D6C. . . . . . . . . . . . . . = Value    00003CD3
L3D7B. . . . . . . . . . . . . . = Value    00003CE2
L3D7D. . . . . . . . . . . . . . = Value    00003CE4
L3D83. . . . . . . . . . . . . . = Value    00003CEA
L3D84. . . . . . . . . . . . . . = Value    00003CEB
L3DA2. . . . . . . . . . . . . . = Value    00003D09
LADR . . . . . . . . . . . . . . = Value    00000434
LALT . . . . . . . . . . . . . . = Value    000000AE
LASS . . . . . . . . . . . . . . = Value    000015C0
LDAT . . . . . . . . . . . . . . = Value    00000430
LF . . . . . . . . . . . . . . . = Value    0000000A
LINE . . . . . . . . . . . . . . = Value    0000005B
LKUP . . . . . . . . . . . . . . = Value    00000246
LLIN . . . . . . . . . . . . . . = Value    00000060
LNUM . . . . . . . . . . . . . . = Value    000002E1
LOAD . . . . . . . . . . . . . . = Value    000003B5
LSRE . . . . . . . . . . . . . . = Value    000000F7
LT . . . . . . . . . . . . . . . = Value    00000002
MARK . . . . . . . . . . . . . . = Value    0000042C
MBUG . . . . . . . . . . . . . . = Value    00000022
MBUG1. . . . . . . . . . . . . . = Value    00003000
MCNT . . . . . . . . . . . . . . = Value    00000428
MOVE . . . . . . . . . . . . . . = Value    00003CA2
NOK. . . . . . . . . . . . . . . = Value    000001D7
ONE. . . . . . . . . . . . . . . = Value    000002CA
P. . . . . . . . . . . . . . . . = Value    00000001 (not used)
RECTYP . . . . . . . . . . . . . = Value    0000043B (not used)
RS . . . . . . . . . . . . . . . = Value    00000010
SEARCH . . . . . . . . . . . . . = Value    00003C6A
SENSE. . . . . . . . . . . . . . = Value    00000080 (not used)
SPAC . . . . . . . . . . . . . . = Value    00000020
SREG . . . . . . . . . . . . . . = Value    000000F4
STAR . . . . . . . . . . . . . . = Value    0000003A
STRT . . . . . . . . . . . . . . = Value    000000A4
TEMP . . . . . . . . . . . . . . = Value    0000040D
TEMQ . . . . . . . . . . . . . . = Value    0000040F
TEMR . . . . . . . . . . . . . . = Value    00000411
TEMS . . . . . . . . . . . . . . = Value    00000412
UN . . . . . . . . . . . . . . . = Value    00000003
VEC. . . . . . . . . . . . . . . = Value    00000019
WC . . . . . . . . . . . . . . . = Value    00000008
X2FD0. . . . . . . . . . . . . . = Value    00002FD0 (not used)
X2FD1. . . . . . . . . . . . . . = Value    00002FD1 (not used)
X2FD2. . . . . . . . . . . . . . = Value    00002FD2 (not used)
X2FD3. . . . . . . . . . . . . . = Value    00002FD3 (not used)
X2FD4. . . . . . . . . . . . . . = Value    00002FD4 (not used)
X2FD5. . . . . . . . . . . . . . = Value    00002FD5 (not used)
X2FD6. . . . . . . . . . . . . . = Value    00002FD6 (not used)
X2FD7. . . . . . . . . . . . . . = Value    00002FD7 (not used)
X2FD8. . . . . . . . . . . . . . = Value    00002FD8 (not used)
X2FD9. . . . . . . . . . . . . . = Value    00002FD9 (not used)
X2FDA. . . . . . . . . . . . . . = Value    00002FDA (not used)
X2FDB. . . . . . . . . . . . . . = Value    00002FDB (not used)
X2FDC. . . . . . . . . . . . . . = Value    00002FDC (not used)
X2FDD. . . . . . . . . . . . . . = Value    00002FDD (not used)
X2FDE. . . . . . . . . . . . . . = Value    00002FDE (not used)
X2FFA. . . . . . . . . . . . . . = Value    00002FFA
X2FFB. . . . . . . . . . . . . . = Value    00002FFB
X2FFC. . . . . . . . . . . . . . = Value    00002FFC
X2FFD. . . . . . . . . . . . . . = Value    00002FFD
X2FFE. . . . . . . . . . . . . . = Value    00002FFE
X2FFF. . . . . . . . . . . . . . = Value    00002FFF
X3C43. . . . . . . . . . . . . . = Value    00003C43 (not used)
XGOT . . . . . . . . . . . . . . = Value    00000409
Z. . . . . . . . . . . . . . . . = Value    00000000
ZERO . . . . . . . . . . . . . . = Value    000002CC

Module Name:     *NONAME*
Module Checksum: 00049D55

Thursday, October 31, 2024  17:44:37

        1413 Source Lines    1411 Assembled Lines 
                >>>>   No Assembly Errors Detected.   <<<<
